mode: set
github.com/gosleek/gosleek/internal/engine/engine.go:127.109,157.2 4 1
github.com/gosleek/gosleek/internal/engine/engine.go:161.57,164.2 2 1
github.com/gosleek/gosleek/internal/engine/engine.go:167.46,169.2 1 1
github.com/gosleek/gosleek/internal/engine/engine.go:172.84,174.2 1 0
github.com/gosleek/gosleek/internal/engine/engine.go:189.40,189.67 1 1
github.com/gosleek/gosleek/internal/engine/engine.go:191.66,193.2 1 0
github.com/gosleek/gosleek/internal/engine/engine.go:194.65,196.2 1 1
github.com/gosleek/gosleek/internal/engine/engine.go:197.65,199.2 1 0
github.com/gosleek/gosleek/internal/engine/engine.go:200.64,202.2 1 0
github.com/gosleek/gosleek/internal/engine/engine.go:205.45,205.46 0 0
github.com/gosleek/gosleek/internal/engine/engine.go:208.40,208.59 1 0
github.com/gosleek/gosleek/internal/engine/engine.go:212.46,213.23 1 0
github.com/gosleek/gosleek/internal/engine/engine.go:213.23,215.3 1 0
github.com/gosleek/gosleek/internal/engine/engine.go:221.72,222.43 1 0
github.com/gosleek/gosleek/internal/engine/engine.go:222.43,224.71 1 0
github.com/gosleek/gosleek/internal/engine/engine.go:224.71,226.4 1 0
github.com/gosleek/gosleek/internal/engine/engine.go:228.3,228.52 1 0
github.com/gosleek/gosleek/internal/engine/engine.go:228.52,230.4 1 0
github.com/gosleek/gosleek/internal/engine/engine.go:231.3,233.11 3 0
github.com/gosleek/gosleek/internal/engine/engine.go:235.2,235.22 1 0
github.com/gosleek/gosleek/internal/engine/engine.go:239.84,240.43 1 0
github.com/gosleek/gosleek/internal/engine/engine.go:240.43,243.3 2 0
github.com/gosleek/gosleek/internal/engine/engine.go:244.2,244.54 1 0
github.com/gosleek/gosleek/internal/engine/engine.go:248.66,249.14 1 0
github.com/gosleek/gosleek/internal/engine/engine.go:249.14,251.3 1 0
github.com/gosleek/gosleek/internal/engine/engine.go:253.2,253.24 1 0
github.com/gosleek/gosleek/internal/engine/engine.go:253.24,255.3 1 0
github.com/gosleek/gosleek/internal/engine/engine.go:257.2,257.13 1 0
github.com/gosleek/gosleek/internal/engine/engine.go:260.51,260.73 1 0
github.com/gosleek/gosleek/internal/engine/engine.go:272.54,274.2 1 0
github.com/gosleek/gosleek/internal/engine/engine.go:279.72,281.2 1 0
github.com/gosleek/gosleek/internal/engine/engine.go:291.3,298.2 6 1
github.com/gosleek/gosleek/internal/engine/engine.go:301.40,301.57 1 0
github.com/gosleek/gosleek/internal/engine/engine.go:310.57,313.23 3 0
github.com/gosleek/gosleek/internal/engine/engine.go:313.23,317.3 3 0
github.com/gosleek/gosleek/internal/engine/engine.go:318.2,318.37 1 0
github.com/gosleek/gosleek/internal/engine/engine.go:323.49,324.29 1 0
github.com/gosleek/gosleek/internal/engine/engine.go:324.29,326.3 1 0
github.com/gosleek/gosleek/internal/engine/engine.go:327.2,328.25 2 0
github.com/gosleek/gosleek/internal/engine/engine.go:328.25,330.3 1 0
github.com/gosleek/gosleek/internal/engine/engine.go:331.2,332.12 2 0
github.com/gosleek/gosleek/internal/engine/engine.go:332.12,335.3 2 0
github.com/gosleek/gosleek/internal/engine/engine.go:336.2,336.9 1 0
github.com/gosleek/gosleek/internal/engine/engine.go:337.14,338.9 1 0
github.com/gosleek/gosleek/internal/engine/engine.go:339.65,344.21 1 0
github.com/gosleek/gosleek/internal/engine/engine.go:344.21,346.4 1 0
github.com/gosleek/gosleek/internal/engine/engine.go:353.56,354.25 1 0
github.com/gosleek/gosleek/internal/engine/engine.go:354.25,357.3 1 0
github.com/gosleek/gosleek/internal/engine/engine.go:359.2,360.54 2 0
github.com/gosleek/gosleek/internal/engine/engine.go:360.54,363.40 3 0
github.com/gosleek/gosleek/internal/engine/engine.go:363.40,365.59 1 0
github.com/gosleek/gosleek/internal/engine/engine.go:365.59,367.5 1 0
github.com/gosleek/gosleek/internal/engine/engine.go:369.3,369.14 1 0
github.com/gosleek/gosleek/internal/engine/engine.go:371.2,371.17 1 0
github.com/gosleek/gosleek/internal/engine/engine.go:375.87,376.34 1 0
github.com/gosleek/gosleek/internal/engine/engine.go:376.34,378.33 2 0
github.com/gosleek/gosleek/internal/engine/engine.go:378.33,380.27 2 0
github.com/gosleek/gosleek/internal/engine/engine.go:380.27,382.4 1 0
github.com/gosleek/gosleek/internal/engine/engine.go:383.4,399.18 5 0
github.com/gosleek/gosleek/internal/engine/engine.go:399.18,400.43 1 0
github.com/gosleek/gosleek/internal/engine/engine.go:400.43,402.6 1 0
github.com/gosleek/gosleek/internal/engine/engine.go:404.5,404.26 1 0
github.com/gosleek/gosleek/internal/engine/engine.go:404.26,406.6 1 0
github.com/gosleek/gosleek/internal/engine/engine.go:407.5,407.28 1 0
github.com/gosleek/gosleek/internal/engine/engine.go:407.28,409.6 1 0
github.com/gosleek/gosleek/internal/engine/engine.go:410.5,410.11 1 0
github.com/gosleek/gosleek/internal/engine/engine.go:413.4,413.19 1 0
github.com/gosleek/gosleek/internal/engine/engine.go:413.19,414.26 1 0
github.com/gosleek/gosleek/internal/engine/engine.go:414.26,416.6 1 0
github.com/gosleek/gosleek/internal/engine/engine.go:417.5,417.28 1 0
github.com/gosleek/gosleek/internal/engine/engine.go:417.28,419.6 1 0
github.com/gosleek/gosleek/internal/engine/engine.go:420.5,420.11 1 0
github.com/gosleek/gosleek/internal/engine/engine.go:423.4,424.26 2 0
github.com/gosleek/gosleek/internal/engine/engine.go:424.26,427.4 1 0
github.com/gosleek/gosleek/internal/engine/engine.go:430.4,430.31 1 0
github.com/gosleek/gosleek/internal/engine/engine.go:430.31,432.4 1 0
github.com/gosleek/gosleek/internal/engine/engine.go:433.4,439.62 5 0
github.com/gosleek/gosleek/internal/engine/engine.go:439.62,440.43 1 0
github.com/gosleek/gosleek/internal/engine/engine.go:440.43,442.6 1 0
github.com/gosleek/gosleek/internal/engine/engine.go:443.5,443.26 1 0
github.com/gosleek/gosleek/internal/engine/engine.go:443.26,445.6 1 0
github.com/gosleek/gosleek/internal/engine/engine.go:446.5,446.11 1 0
github.com/gosleek/gosleek/internal/engine/engine.go:450.4,450.25 1 0
github.com/gosleek/gosleek/internal/engine/engine.go:450.25,452.4 1 0
github.com/gosleek/gosleek/internal/engine/engine.go:453.4,453.27 1 0
github.com/gosleek/gosleek/internal/engine/engine.go:453.27,455.4 1 0
github.com/gosleek/gosleek/internal/engine/engine.go:456.4,456.25 1 0
github.com/gosleek/gosleek/internal/engine/engine.go:456.25,458.4 1 0
github.com/gosleek/gosleek/internal/engine/engine.go:465.79,466.74 1 0
github.com/gosleek/gosleek/internal/engine/engine.go:466.74,468.3 1 0
github.com/gosleek/gosleek/internal/engine/engine.go:470.2,471.20 2 0
github.com/gosleek/gosleek/internal/engine/engine.go:471.20,473.3 1 0
github.com/gosleek/gosleek/internal/engine/engine.go:475.2,476.45 2 0
github.com/gosleek/gosleek/internal/engine/engine.go:476.45,478.3 1 0
github.com/gosleek/gosleek/internal/engine/engine.go:479.2,481.16 3 0
github.com/gosleek/gosleek/internal/engine/engine.go:481.16,482.21 1 0
github.com/gosleek/gosleek/internal/engine/engine.go:482.21,484.4 1 0
github.com/gosleek/gosleek/internal/engine/engine.go:485.3,485.9 1 0
github.com/gosleek/gosleek/internal/engine/engine.go:487.2,492.65 2 0
github.com/gosleek/gosleek/internal/engine/engine.go:492.65,494.17 2 0
github.com/gosleek/gosleek/internal/engine/engine.go:494.17,495.22 1 0
github.com/gosleek/gosleek/internal/engine/engine.go:495.22,497.4 1 0
github.com/gosleek/gosleek/internal/engine/engine.go:498.4,498.10 1 0
github.com/gosleek/gosleek/internal/engine/engine.go:500.3,500.20 1 0
github.com/gosleek/gosleek/internal/engine/engine.go:500.20,502.4 1 0
github.com/gosleek/gosleek/internal/engine/engine.go:507.132,509.26 1 1
github.com/gosleek/gosleek/internal/engine/engine.go:509.26,516.50 5 1
github.com/gosleek/gosleek/internal/engine/engine.go:516.50,520.4 3 0
github.com/gosleek/gosleek/internal/engine/engine.go:520.9,522.4 1 1
github.com/gosleek/gosleek/internal/engine/engine.go:528.2,529.26 2 1
github.com/gosleek/gosleek/internal/engine/engine.go:529.26,531.3 1 1
github.com/gosleek/gosleek/internal/engine/engine.go:532.2,532.30 1 1
github.com/gosleek/gosleek/internal/engine/engine.go:532.30,533.65 1 1
github.com/gosleek/gosleek/internal/engine/engine.go:533.65,535.16 2 0
github.com/gosleek/gosleek/internal/engine/engine.go:535.16,540.40 5 0
github.com/gosleek/gosleek/internal/engine/engine.go:540.40,544.6 2 0
github.com/gosleek/gosleek/internal/engine/engine.go:550.2,551.30 2 1
github.com/gosleek/gosleek/internal/engine/engine.go:551.30,552.36 1 1
github.com/gosleek/gosleek/internal/engine/engine.go:552.36,553.26 1 0
github.com/gosleek/gosleek/internal/engine/engine.go:553.26,555.4 1 0
github.com/gosleek/gosleek/internal/engine/engine.go:557.3,557.29 1 1
github.com/gosleek/gosleek/internal/engine/engine.go:559.2,559.28 1 1
github.com/gosleek/gosleek/internal/engine/engine.go:559.28,561.39 2 0
github.com/gosleek/gosleek/internal/engine/engine.go:561.39,562.26 1 0
github.com/gosleek/gosleek/internal/engine/engine.go:562.26,564.4 1 0
github.com/gosleek/gosleek/internal/engine/engine.go:566.3,566.30 1 0
github.com/gosleek/gosleek/internal/engine/engine.go:570.2,570.73 1 1
github.com/gosleek/gosleek/internal/engine/engine.go:570.73,572.3 1 0
github.com/gosleek/gosleek/internal/engine/engine.go:574.2,580.12 5 1
github.com/gosleek/gosleek/internal/engine/engine.go:580.12,582.28 2 1
github.com/gosleek/gosleek/internal/engine/engine.go:582.28,584.31 2 1
github.com/gosleek/gosleek/internal/engine/engine.go:584.31,586.12 1 0
github.com/gosleek/gosleek/internal/engine/engine.go:587.32,587.32 0 0
github.com/gosleek/gosleek/internal/engine/engine.go:588.13,593.44 1 0
github.com/gosleek/gosleek/internal/engine/engine.go:593.44,595.7 1 0
github.com/gosleek/gosleek/internal/engine/engine.go:596.6,596.27 1 0
github.com/gosleek/gosleek/internal/engine/engine.go:596.27,598.7 1 0
github.com/gosleek/gosleek/internal/engine/engine.go:599.6,599.29 1 0
github.com/gosleek/gosleek/internal/engine/engine.go:599.29,601.7 1 0
github.com/gosleek/gosleek/internal/engine/engine.go:603.9,604.26 1 1
github.com/gosleek/gosleek/internal/engine/engine.go:604.26,606.6 1 1
github.com/gosleek/gosleek/internal/engine/engine.go:611.2,616.22 5 1
github.com/gosleek/gosleek/internal/engine/engine.go:616.22,618.3 1 1
github.com/gosleek/gosleek/internal/engine/engine.go:622.2,625.35 3 1
github.com/gosleek/gosleek/internal/engine/engine.go:625.35,627.25 2 1
github.com/gosleek/gosleek/internal/engine/engine.go:627.25,629.26 2 1
github.com/gosleek/gosleek/internal/engine/engine.go:629.26,630.25 1 1
github.com/gosleek/gosleek/internal/engine/engine.go:630.25,632.6 1 0
github.com/gosleek/gosleek/internal/engine/engine.go:633.5,636.52 3 1
github.com/gosleek/gosleek/internal/engine/engine.go:636.53,639.6 0 0
github.com/gosleek/gosleek/internal/engine/engine.go:640.5,640.28 1 1
github.com/gosleek/gosleek/internal/engine/engine.go:640.28,642.35 2 0
github.com/gosleek/gosleek/internal/engine/engine.go:642.35,644.7 1 0
github.com/gosleek/gosleek/internal/engine/engine.go:644.12,646.7 1 0
github.com/gosleek/gosleek/internal/engine/engine.go:647.6,648.47 1 0
github.com/gosleek/gosleek/internal/engine/engine.go:654.2,654.12 1 1
github.com/gosleek/gosleek/internal/engine/engine.go:654.12,655.34 1 1
github.com/gosleek/gosleek/internal/engine/engine.go:655.34,656.35 1 1
github.com/gosleek/gosleek/internal/engine/engine.go:656.35,657.12 1 1
github.com/gosleek/gosleek/internal/engine/engine.go:658.23,659.15 1 0
github.com/gosleek/gosleek/internal/engine/engine.go:660.77,660.77 0 1
github.com/gosleek/gosleek/internal/engine/engine.go:663.4,663.30 1 1
github.com/gosleek/gosleek/internal/engine/engine.go:663.30,664.12 1 0
github.com/gosleek/gosleek/internal/engine/engine.go:665.23,666.15 1 0
github.com/gosleek/gosleek/internal/engine/engine.go:667.70,667.70 0 0
github.com/gosleek/gosleek/internal/engine/engine.go:670.4,670.24 1 1
github.com/gosleek/gosleek/internal/engine/engine.go:670.24,671.10 1 0
github.com/gosleek/gosleek/internal/engine/engine.go:675.3,675.14 1 1
github.com/gosleek/gosleek/internal/engine/engine.go:678.2,681.19 4 1
github.com/gosleek/gosleek/internal/engine/engine.go:685.86,690.31 3 1
github.com/gosleek/gosleek/internal/engine/engine.go:690.31,692.3 1 0
github.com/gosleek/gosleek/internal/engine/engine.go:692.8,694.3 1 1
github.com/gosleek/gosleek/internal/engine/engine.go:698.2,699.62 2 1
github.com/gosleek/gosleek/internal/engine/engine.go:699.62,705.3 3 0
github.com/gosleek/gosleek/internal/engine/engine.go:707.2,710.40 2 1
github.com/gosleek/gosleek/internal/engine/engine.go:710.40,711.32 1 0
github.com/gosleek/gosleek/internal/engine/engine.go:711.32,713.4 1 0
github.com/gosleek/gosleek/internal/engine/engine.go:713.9,716.4 1 0
github.com/gosleek/gosleek/internal/engine/engine.go:720.2,721.31 2 1
github.com/gosleek/gosleek/internal/engine/engine.go:721.31,723.3 1 0
github.com/gosleek/gosleek/internal/engine/engine.go:723.8,725.3 1 1
github.com/gosleek/gosleek/internal/engine/engine.go:726.2,726.18 1 1
github.com/gosleek/gosleek/internal/engine/engine.go:726.18,728.38 2 0
github.com/gosleek/gosleek/internal/engine/engine.go:728.38,733.4 2 0
github.com/gosleek/gosleek/internal/engine/engine.go:736.3,736.41 1 0
github.com/gosleek/gosleek/internal/engine/engine.go:736.41,738.4 1 0
github.com/gosleek/gosleek/internal/engine/engine.go:742.2,742.67 1 1
github.com/gosleek/gosleek/internal/engine/engine.go:742.67,745.69 2 0
github.com/gosleek/gosleek/internal/engine/engine.go:745.69,748.27 2 0
github.com/gosleek/gosleek/internal/engine/engine.go:748.27,750.4 1 0
github.com/gosleek/gosleek/internal/engine/engine.go:750.9,752.4 1 0
github.com/gosleek/gosleek/internal/engine/engine.go:753.4,756.42 2 0
github.com/gosleek/gosleek/internal/engine/engine.go:756.42,758.4 1 0
github.com/gosleek/gosleek/internal/engine/engine.go:759.4,759.10 1 0
github.com/gosleek/gosleek/internal/engine/engine.go:761.8,761.63 1 1
github.com/gosleek/gosleek/internal/engine/engine.go:761.63,762.46 1 0
github.com/gosleek/gosleek/internal/engine/engine.go:762.46,763.42 1 0
github.com/gosleek/gosleek/internal/engine/engine.go:763.42,765.4 1 0
github.com/gosleek/gosleek/internal/engine/engine.go:766.4,766.10 1 0
github.com/gosleek/gosleek/internal/engine/engine.go:768.3,768.41 1 0
github.com/gosleek/gosleek/internal/engine/engine.go:768.41,770.4 1 0
github.com/gosleek/gosleek/internal/engine/engine.go:774.2,776.31 3 1
github.com/gosleek/gosleek/internal/engine/engine.go:776.31,778.3 1 0
github.com/gosleek/gosleek/internal/engine/engine.go:778.8,780.3 1 1
github.com/gosleek/gosleek/internal/engine/engine.go:783.2,783.44 1 1
github.com/gosleek/gosleek/internal/engine/engine.go:783.44,784.91 1 0
github.com/gosleek/gosleek/internal/engine/engine.go:784.91,787.27 2 0
github.com/gosleek/gosleek/internal/engine/engine.go:787.27,792.4 4 0
github.com/gosleek/gosleek/internal/engine/engine.go:793.9,799.4 4 0
github.com/gosleek/gosleek/internal/engine/engine.go:803.2,804.31 2 1
github.com/gosleek/gosleek/internal/engine/engine.go:804.31,806.3 1 0
github.com/gosleek/gosleek/internal/engine/engine.go:806.8,806.43 1 1
github.com/gosleek/gosleek/internal/engine/engine.go:806.43,808.3 1 1
github.com/gosleek/gosleek/internal/engine/engine.go:808.8,810.3 1 1
github.com/gosleek/gosleek/internal/engine/engine.go:812.2,812.19 1 1
github.com/gosleek/gosleek/internal/engine/engine.go:812.19,815.70 2 1
github.com/gosleek/gosleek/internal/engine/engine.go:815.70,818.42 1 0
github.com/gosleek/gosleek/internal/engine/engine.go:818.42,820.4 1 0
github.com/gosleek/gosleek/internal/engine/engine.go:821.4,821.43 1 0
github.com/gosleek/gosleek/internal/engine/engine.go:822.9,827.4 2 1
github.com/gosleek/gosleek/internal/engine/engine.go:828.9,831.3 0 1
github.com/gosleek/gosleek/internal/engine/engine.go:834.2,834.26 1 1
github.com/gosleek/gosleek/internal/engine/engine.go:834.26,836.3 1 0
github.com/gosleek/gosleek/internal/engine/engine.go:840.153,846.15 3 0
github.com/gosleek/gosleek/internal/engine/engine.go:846.15,847.31 1 0
github.com/gosleek/gosleek/internal/engine/engine.go:847.31,849.4 1 0
github.com/gosleek/gosleek/internal/engine/engine.go:852.2,863.44 2 0
github.com/gosleek/gosleek/internal/engine/engine.go:863.44,867.3 2 0
github.com/gosleek/gosleek/internal/engine/engine.go:868.2,880.90 3 0
github.com/gosleek/gosleek/internal/engine/engine.go:880.90,881.59 1 0
github.com/gosleek/gosleek/internal/engine/engine.go:881.59,884.4 2 0
github.com/gosleek/gosleek/internal/engine/engine.go:887.2,891.86 2 0
github.com/gosleek/gosleek/internal/engine/engine.go:891.86,893.3 1 0
github.com/gosleek/gosleek/internal/engine/engine.go:895.2,895.16 1 0
github.com/gosleek/gosleek/internal/engine/engine.go:895.16,898.3 2 0
github.com/gosleek/gosleek/internal/engine/engine.go:899.2,899.15 1 0
github.com/gosleek/gosleek/internal/engine/engine.go:903.128,912.24 7 1
github.com/gosleek/gosleek/internal/engine/engine.go:912.24,913.33 1 1
github.com/gosleek/gosleek/internal/engine/engine.go:913.33,914.11 1 1
github.com/gosleek/gosleek/internal/engine/engine.go:915.22,916.15 1 0
github.com/gosleek/gosleek/internal/engine/engine.go:917.12,917.12 0 1
github.com/gosleek/gosleek/internal/engine/engine.go:920.4,921.23 2 1
github.com/gosleek/gosleek/internal/engine/engine.go:921.23,923.4 1 0
github.com/gosleek/gosleek/internal/engine/engine.go:925.4,925.23 1 1
github.com/gosleek/gosleek/internal/engine/engine.go:925.23,926.57 1 1
github.com/gosleek/gosleek/internal/engine/engine.go:926.57,928.14 2 0
github.com/gosleek/gosleek/internal/engine/engine.go:935.4,935.53 1 1
github.com/gosleek/gosleek/internal/engine/engine.go:935.53,936.42 1 1
github.com/gosleek/gosleek/internal/engine/engine.go:936.42,937.13 1 1
github.com/gosleek/gosleek/internal/engine/engine.go:938.24,939.17 1 0
github.com/gosleek/gosleek/internal/engine/engine.go:940.14,940.14 0 1
github.com/gosleek/gosleek/internal/engine/engine.go:942.6,943.29 2 1
github.com/gosleek/gosleek/internal/engine/engine.go:943.29,947.12 3 0
github.com/gosleek/gosleek/internal/engine/engine.go:950.6,951.22 2 1
github.com/gosleek/gosleek/internal/engine/engine.go:951.22,952.15 1 0
github.com/gosleek/gosleek/internal/engine/engine.go:956.6,957.31 2 1
github.com/gosleek/gosleek/internal/engine/engine.go:957.31,959.7 1 0
github.com/gosleek/gosleek/internal/engine/engine.go:960.6,960.39 1 1
github.com/gosleek/gosleek/internal/engine/engine.go:960.39,961.50 1 0
github.com/gosleek/gosleek/internal/engine/engine.go:961.50,962.15 1 0
github.com/gosleek/gosleek/internal/engine/engine.go:963.26,964.19 1 0
github.com/gosleek/gosleek/internal/engine/engine.go:965.16,965.16 0 0
github.com/gosleek/gosleek/internal/engine/engine.go:967.8,968.40 2 0
github.com/gosleek/gosleek/internal/engine/engine.go:968.40,970.27 2 0
github.com/gosleek/gosleek/internal/engine/engine.go:970.27,972.10 1 0
github.com/gosleek/gosleek/internal/engine/engine.go:974.8,974.214 1 0
github.com/gosleek/gosleek/internal/engine/engine.go:976.7,976.15 1 0
github.com/gosleek/gosleek/internal/engine/engine.go:980.6,980.211 1 1
github.com/gosleek/gosleek/internal/engine/engine.go:982.5,982.13 1 1
github.com/gosleek/gosleek/internal/engine/engine.go:985.4,986.20 2 1
github.com/gosleek/gosleek/internal/engine/engine.go:986.20,987.26 1 1
github.com/gosleek/gosleek/internal/engine/engine.go:987.26,989.22 2 1
github.com/gosleek/gosleek/internal/engine/engine.go:989.22,991.7 1 1
github.com/gosleek/gosleek/internal/engine/engine.go:993.6,994.36 2 1
github.com/gosleek/gosleek/internal/engine/engine.go:994.36,996.7 1 0
github.com/gosleek/gosleek/internal/engine/engine.go:997.6,997.40 1 1
github.com/gosleek/gosleek/internal/engine/engine.go:997.40,998.49 1 0
github.com/gosleek/gosleek/internal/engine/engine.go:998.49,1000.8 1 0
github.com/gosleek/gosleek/internal/engine/engine.go:1003.6,1003.33 1 1
github.com/gosleek/gosleek/internal/engine/engine.go:1003.33,1006.24 3 1
github.com/gosleek/gosleek/internal/engine/engine.go:1006.24,1007.16 1 0
github.com/gosleek/gosleek/internal/engine/engine.go:1011.7,1012.32 2 1
github.com/gosleek/gosleek/internal/engine/engine.go:1012.32,1014.8 1 0
github.com/gosleek/gosleek/internal/engine/engine.go:1015.7,1015.40 1 1
github.com/gosleek/gosleek/internal/engine/engine.go:1015.40,1016.51 1 0
github.com/gosleek/gosleek/internal/engine/engine.go:1016.51,1017.16 1 0
github.com/gosleek/gosleek/internal/engine/engine.go:1018.27,1019.20 1 0
github.com/gosleek/gosleek/internal/engine/engine.go:1020.17,1020.17 0 0
github.com/gosleek/gosleek/internal/engine/engine.go:1022.9,1023.41 2 0
github.com/gosleek/gosleek/internal/engine/engine.go:1023.41,1025.28 2 0
github.com/gosleek/gosleek/internal/engine/engine.go:1025.28,1027.11 1 0
github.com/gosleek/gosleek/internal/engine/engine.go:1029.9,1029.215 1 0
github.com/gosleek/gosleek/internal/engine/engine.go:1031.8,1031.16 1 0
github.com/gosleek/gosleek/internal/engine/engine.go:1034.7,1034.213 1 1
github.com/gosleek/gosleek/internal/engine/engine.go:1036.6,1036.14 1 1
github.com/gosleek/gosleek/internal/engine/engine.go:1038.5,1038.21 1 0
github.com/gosleek/gosleek/internal/engine/engine.go:1038.21,1039.14 1 0
github.com/gosleek/gosleek/internal/engine/engine.go:1041.9,1045.4 1 1
github.com/gosleek/gosleek/internal/engine/engine.go:1048.4,1049.29 2 1
github.com/gosleek/gosleek/internal/engine/engine.go:1049.29,1052.4 1 0
github.com/gosleek/gosleek/internal/engine/engine.go:1053.4,1053.37 1 1
github.com/gosleek/gosleek/internal/engine/engine.go:1053.37,1054.48 1 0
github.com/gosleek/gosleek/internal/engine/engine.go:1054.48,1055.13 1 0
github.com/gosleek/gosleek/internal/engine/engine.go:1056.24,1057.17 1 0
github.com/gosleek/gosleek/internal/engine/engine.go:1058.14,1058.14 0 0
github.com/gosleek/gosleek/internal/engine/engine.go:1060.6,1061.38 2 0
github.com/gosleek/gosleek/internal/engine/engine.go:1061.38,1063.25 2 0
github.com/gosleek/gosleek/internal/engine/engine.go:1063.25,1065.8 1 0
github.com/gosleek/gosleek/internal/engine/engine.go:1068.6,1068.212 1 0
github.com/gosleek/gosleek/internal/engine/engine.go:1070.5,1070.13 1 0
github.com/gosleek/gosleek/internal/engine/engine.go:1073.4,1073.209 1 1
github.com/gosleek/gosleek/internal/engine/engine.go:1078.2,1079.23 2 1
github.com/gosleek/gosleek/internal/engine/engine.go:1079.23,1081.3 1 1
github.com/gosleek/gosleek/internal/engine/engine.go:1082.2,1083.21 2 1
github.com/gosleek/gosleek/internal/engine/engine.go:1083.21,1085.3 1 1
github.com/gosleek/gosleek/internal/engine/engine.go:1087.2,1104.10 3 1
github.com/gosleek/gosleek/internal/engine/engine.go:1110.386,1118.16 4 1
github.com/gosleek/gosleek/internal/engine/engine.go:1118.16,1124.3 3 0
github.com/gosleek/gosleek/internal/engine/engine.go:1126.2,1128.22 2 1
github.com/gosleek/gosleek/internal/engine/engine.go:1128.22,1130.3 1 0
github.com/gosleek/gosleek/internal/engine/engine.go:1132.2,1135.16 4 1
github.com/gosleek/gosleek/internal/engine/engine.go:1135.16,1141.3 3 1
github.com/gosleek/gosleek/internal/engine/engine.go:1143.2,1143.40 1 1
github.com/gosleek/gosleek/internal/engine/engine.go:1143.40,1147.34 2 0
github.com/gosleek/gosleek/internal/engine/engine.go:1147.34,1148.42 1 0
github.com/gosleek/gosleek/internal/engine/engine.go:1148.42,1150.4 1 0
github.com/gosleek/gosleek/internal/engine/engine.go:1153.3,1153.26 1 0
github.com/gosleek/gosleek/internal/engine/engine.go:1153.26,1155.32 2 0
github.com/gosleek/gosleek/internal/engine/engine.go:1155.32,1157.4 1 0
github.com/gosleek/gosleek/internal/engine/engine.go:1158.4,1158.65 1 0
github.com/gosleek/gosleek/internal/engine/engine.go:1162.2,1169.60 4 1
github.com/gosleek/gosleek/internal/engine/engine.go:1169.60,1171.3 1 0
github.com/gosleek/gosleek/internal/engine/engine.go:1173.2,1174.30 2 1
github.com/gosleek/gosleek/internal/engine/engine.go:1174.30,1177.41 3 1
github.com/gosleek/gosleek/internal/engine/engine.go:1177.41,1179.4 1 0
github.com/gosleek/gosleek/internal/engine/engine.go:1181.2,1182.34 2 1
github.com/gosleek/gosleek/internal/engine/engine.go:1182.34,1185.41 3 0
github.com/gosleek/gosleek/internal/engine/engine.go:1185.41,1187.4 1 0
github.com/gosleek/gosleek/internal/engine/engine.go:1190.2,1191.29 2 1
github.com/gosleek/gosleek/internal/engine/engine.go:1191.29,1193.3 1 0
github.com/gosleek/gosleek/internal/engine/engine.go:1194.2,1199.17 4 1
github.com/gosleek/gosleek/internal/engine/engine.go:1199.17,1201.26 2 1
github.com/gosleek/gosleek/internal/engine/engine.go:1201.26,1204.24 2 1
github.com/gosleek/gosleek/internal/engine/engine.go:1204.24,1206.4 1 1
github.com/gosleek/gosleek/internal/engine/engine.go:1207.4,1207.40 1 1
github.com/gosleek/gosleek/internal/engine/engine.go:1207.40,1209.4 1 1
github.com/gosleek/gosleek/internal/engine/engine.go:1211.4,1211.72 1 1
github.com/gosleek/gosleek/internal/engine/engine.go:1211.72,1212.43 1 0
github.com/gosleek/gosleek/internal/engine/engine.go:1212.43,1218.6 1 0
github.com/gosleek/gosleek/internal/engine/engine.go:1221.3,1221.41 1 1
github.com/gosleek/gosleek/internal/engine/engine.go:1221.41,1224.4 1 0
github.com/gosleek/gosleek/internal/engine/engine.go:1230.73,1232.16 2 1
github.com/gosleek/gosleek/internal/engine/engine.go:1232.16,1234.3 1 0
github.com/gosleek/gosleek/internal/engine/engine.go:1235.2,1236.76 2 1
github.com/gosleek/gosleek/internal/engine/engine.go:1236.76,1238.49 2 1
github.com/gosleek/gosleek/internal/engine/engine.go:1238.49,1239.12 1 1
github.com/gosleek/gosleek/internal/engine/engine.go:1242.3,1242.21 1 1
github.com/gosleek/gosleek/internal/engine/engine.go:1242.21,1244.4 1 0
github.com/gosleek/gosleek/internal/engine/engine.go:1245.3,1245.30 1 1
github.com/gosleek/gosleek/internal/engine/engine.go:1247.2,1247.19 1 1
github.com/gosleek/gosleek/internal/engine/engine.go:1252.89,1253.25 1 1
github.com/gosleek/gosleek/internal/engine/engine.go:1253.25,1255.3 1 0
github.com/gosleek/gosleek/internal/engine/engine.go:1257.2,1258.31 2 1
github.com/gosleek/gosleek/internal/engine/engine.go:1258.31,1260.36 2 1
github.com/gosleek/gosleek/internal/engine/engine.go:1260.36,1263.4 2 0
github.com/gosleek/gosleek/internal/engine/engine.go:1264.3,1264.22 1 1
github.com/gosleek/gosleek/internal/engine/engine.go:1267.2,1268.30 2 1
github.com/gosleek/gosleek/internal/engine/engine.go:1268.30,1270.41 2 1
github.com/gosleek/gosleek/internal/engine/engine.go:1270.41,1273.4 2 0
github.com/gosleek/gosleek/internal/engine/engine.go:1276.2,1276.35 1 1
github.com/gosleek/gosleek/internal/engine/engine.go:1280.53,1281.22 1 1
github.com/gosleek/gosleek/internal/engine/engine.go:1281.22,1283.3 1 0
github.com/gosleek/gosleek/internal/engine/engine.go:1285.2,1286.27 2 1
github.com/gosleek/gosleek/internal/engine/engine.go:1286.27,1288.3 1 1
github.com/gosleek/gosleek/internal/engine/engine.go:1289.2,1289.16 1 1
github.com/gosleek/gosleek/internal/engine/engine.go:1289.16,1291.3 1 0
github.com/gosleek/gosleek/internal/engine/engine.go:1292.2,1293.29 2 1
github.com/gosleek/gosleek/internal/engine/engine.go:1293.29,1296.41 3 1
github.com/gosleek/gosleek/internal/engine/engine.go:1296.41,1299.4 2 1
github.com/gosleek/gosleek/internal/engine/engine.go:1300.3,1300.19 1 1
github.com/gosleek/gosleek/internal/engine/engine.go:1302.2,1302.15 1 1
github.com/gosleek/gosleek/internal/engine/engine.go:1306.47,1307.35 1 1
github.com/gosleek/gosleek/internal/engine/engine.go:1308.26,1309.46 1 1
github.com/gosleek/gosleek/internal/engine/engine.go:1310.33,1311.40 1 1
github.com/gosleek/gosleek/internal/engine/engine.go:1312.27,1313.37 1 1
github.com/gosleek/gosleek/internal/engine/engine.go:1314.10,1315.14 1 1
github.com/gosleek/gosleek/internal/engine/engine.go:1319.132,1322.14 3 1
github.com/gosleek/gosleek/internal/engine/engine.go:1322.14,1324.3 1 1
github.com/gosleek/gosleek/internal/engine/engine.go:1325.2,1338.3 2 1
github.com/gosleek/gosleek/internal/engine/engine.go:1343.64,1347.2 1 1
github.com/gosleek/gosleek/internal/engine/engine.go:1351.55,1354.2 2 1
github.com/gosleek/gosleek/internal/engine/engine.go:1358.43,1360.50 2 1
github.com/gosleek/gosleek/internal/engine/engine.go:1360.50,1361.32 1 1
github.com/gosleek/gosleek/internal/engine/engine.go:1361.32,1363.4 1 1
github.com/gosleek/gosleek/internal/engine/engine.go:1364.3,1364.14 1 1
github.com/gosleek/gosleek/internal/engine/engine.go:1366.2,1366.14 1 1
github.com/gosleek/gosleek/internal/engine/engine.go:1370.71,1373.2 2 1
github.com/gosleek/gosleek/internal/engine/engine.go:1376.83,1380.2 3 1
github.com/gosleek/gosleek/internal/engine/engine.go:1383.38,1385.2 1 1
github.com/gosleek/gosleek/internal/engine/engine.go:1391.61,1392.40 1 0
github.com/gosleek/gosleek/internal/engine/engine.go:1392.40,1394.3 1 0
github.com/gosleek/gosleek/internal/engine/engine.go:1397.64,1398.42 1 1
github.com/gosleek/gosleek/internal/engine/engine.go:1398.42,1400.3 1 0
github.com/gosleek/gosleek/internal/engine/engine.go:1406.64,1414.41 2 1
github.com/gosleek/gosleek/internal/engine/engine.go:1414.41,1417.3 2 0
github.com/gosleek/gosleek/internal/engine/engine.go:1423.113,1429.41 1 1
github.com/gosleek/gosleek/internal/engine/engine.go:1429.41,1433.3 2 0
github.com/gosleek/gosleek/internal/engine/engine.go:1439.116,1441.23 2 1
github.com/gosleek/gosleek/internal/engine/engine.go:1441.23,1443.3 1 1
github.com/gosleek/gosleek/internal/engine/engine.go:1444.2,1447.14 2 1
github.com/gosleek/gosleek/internal/engine/engine.go:1447.14,1451.4 1 1
github.com/gosleek/gosleek/internal/engine/engine.go:1451.9,1455.4 1 1
github.com/gosleek/gosleek/internal/engine/engine.go:1458.2,1458.38 1 1
github.com/gosleek/gosleek/internal/engine/engine.go:1458.38,1460.15 2 0
github.com/gosleek/gosleek/internal/engine/engine.go:1460.15,1462.4 1 0
github.com/gosleek/gosleek/internal/engine/engine.go:1463.3,1464.42 1 0
github.com/gosleek/gosleek/internal/engine/engine.go:1474.50,1475.21 1 1
github.com/gosleek/gosleek/internal/engine/engine.go:1475.21,1477.3 1 0
github.com/gosleek/gosleek/internal/engine/engine.go:1478.2,1479.32 2 1
github.com/gosleek/gosleek/internal/engine/engine.go:1479.32,1480.40 1 1
github.com/gosleek/gosleek/internal/engine/engine.go:1480.40,1481.36 1 1
github.com/gosleek/gosleek/internal/engine/engine.go:1481.36,1483.4 1 1
github.com/gosleek/gosleek/internal/engine/engine.go:1486.2,1486.37 1 1
github.com/gosleek/gosleek/internal/engine/engine.go:1486.37,1487.33 1 1
github.com/gosleek/gosleek/internal/engine/engine.go:1487.33,1488.41 1 1
github.com/gosleek/gosleek/internal/engine/engine.go:1488.41,1489.37 1 1
github.com/gosleek/gosleek/internal/engine/engine.go:1489.37,1491.6 1 0
github.com/gosleek/gosleek/internal/engine/engine.go:1495.2,1495.14 1 1
github.com/gosleek/gosleek/internal/engine/engine.go:1499.34,1500.31 1 0
github.com/gosleek/gosleek/internal/engine/engine.go:1500.31,1502.3 1 0
github.com/gosleek/gosleek/internal/engine/engine.go:1503.2,1503.17 1 0
github.com/gosleek/gosleek/internal/engine/engine.go:1506.57,1507.23 1 1
github.com/gosleek/gosleek/internal/engine/engine.go:1507.23,1509.3 1 1
github.com/gosleek/gosleek/internal/engine/engine.go:1510.2,1510.19 1 1
github.com/gosleek/gosleek/internal/engine/engine.go:1510.19,1511.29 1 1
github.com/gosleek/gosleek/internal/engine/engine.go:1511.29,1512.10 1 1
github.com/gosleek/gosleek/internal/engine/engine.go:1512.10,1514.4 1 1
github.com/gosleek/gosleek/internal/engine/engine.go:1516.3,1516.14 1 1
github.com/gosleek/gosleek/internal/engine/engine.go:1518.2,1518.28 1 1
github.com/gosleek/gosleek/internal/engine/engine.go:1518.28,1519.8 1 1
github.com/gosleek/gosleek/internal/engine/engine.go:1519.8,1521.4 1 1
github.com/gosleek/gosleek/internal/engine/engine.go:1523.2,1523.14 1 1
github.com/gosleek/gosleek/internal/engine/engine.go:1527.44,1528.19 1 0
github.com/gosleek/gosleek/internal/engine/engine.go:1528.19,1530.3 1 0
github.com/gosleek/gosleek/internal/engine/engine.go:1531.2,1531.24 1 0
github.com/gosleek/gosleek/internal/engine/engine.go:1535.37,1536.13 1 0
github.com/gosleek/gosleek/internal/engine/engine.go:1536.13,1538.3 1 0
github.com/gosleek/gosleek/internal/engine/engine.go:1539.2,1539.15 1 0
github.com/gosleek/gosleek/internal/engine/engine.go:1543.42,1545.23 2 0
github.com/gosleek/gosleek/internal/engine/engine.go:1545.23,1547.3 1 0
github.com/gosleek/gosleek/internal/engine/engine.go:1548.2,1548.33 1 0
github.com/gosleek/gosleek/internal/engine/engine.go:1557.69,1557.70 0 0
github.com/gosleek/gosleek/internal/engine/engine.go:1558.69,1558.70 0 0
github.com/gosleek/gosleek/internal/engine/engine.go:1559.69,1559.70 0 0
github.com/gosleek/gosleek/internal/engine/engine.go:1562.44,1564.16 2 1
github.com/gosleek/gosleek/internal/engine/engine.go:1564.16,1566.3 1 1
github.com/gosleek/gosleek/internal/engine/engine.go:1567.2,1567.10 1 1
github.com/gosleek/gosleek/internal/engine/engine.go:1572.43,1574.16 2 1
github.com/gosleek/gosleek/internal/engine/engine.go:1574.16,1575.61 1 0
github.com/gosleek/gosleek/internal/engine/engine.go:1577.2,1577.12 1 1
github.com/gosleek/gosleek/internal/engine/resume.go:30.47,36.16 3 1
github.com/gosleek/gosleek/internal/engine/resume.go:36.16,37.49 1 1
github.com/gosleek/gosleek/internal/engine/resume.go:37.49,39.4 1 1
github.com/gosleek/gosleek/internal/engine/resume.go:41.2,41.11 1 1
github.com/gosleek/gosleek/internal/engine/resume.go:45.60,51.2 4 1
github.com/gosleek/gosleek/internal/engine/resume.go:54.63,58.33 4 1
github.com/gosleek/gosleek/internal/engine/resume.go:58.33,59.15 1 1
github.com/gosleek/gosleek/internal/engine/resume.go:59.15,61.4 1 1
github.com/gosleek/gosleek/internal/engine/resume.go:63.2,63.14 1 1
github.com/gosleek/gosleek/internal/engine/resume.go:67.37,70.23 3 1
github.com/gosleek/gosleek/internal/engine/resume.go:70.23,72.3 1 0
github.com/gosleek/gosleek/internal/engine/resume.go:74.2,76.33 3 1
github.com/gosleek/gosleek/internal/engine/resume.go:76.33,77.15 1 1
github.com/gosleek/gosleek/internal/engine/resume.go:77.15,80.4 2 1
github.com/gosleek/gosleek/internal/engine/resume.go:82.2,86.16 5 1
github.com/gosleek/gosleek/internal/engine/resume.go:86.16,88.3 1 0
github.com/gosleek/gosleek/internal/engine/resume.go:89.2,89.62 1 1
github.com/gosleek/gosleek/internal/engine/resume.go:89.62,91.3 1 0
github.com/gosleek/gosleek/internal/engine/resume.go:92.2,93.12 2 1
github.com/gosleek/gosleek/internal/engine/resume.go:99.39,104.40 4 0
github.com/gosleek/gosleek/internal/engine/resume.go:104.40,106.3 1 0
github.com/gosleek/gosleek/internal/engine/resume.go:107.2,107.23 1 0
github.com/gosleek/gosleek/internal/engine/resume.go:107.23,109.3 1 0
github.com/gosleek/gosleek/internal/engine/resume.go:110.2,113.16 4 0
github.com/gosleek/gosleek/internal/engine/resume.go:113.16,115.3 1 0
github.com/gosleek/gosleek/internal/engine/resume.go:116.2,116.62 1 0
github.com/gosleek/gosleek/internal/engine/resume.go:116.62,118.3 1 0
github.com/gosleek/gosleek/internal/engine/resume.go:119.2,120.13 2 0
github.com/gosleek/gosleek/internal/engine/resume.go:124.57,128.2 3 0
github.com/gosleek/gosleek/internal/engine/resume.go:132.90,136.28 3 1
github.com/gosleek/gosleek/internal/engine/resume.go:136.28,138.3 1 0
github.com/gosleek/gosleek/internal/engine/resume.go:140.2,141.33 2 1
github.com/gosleek/gosleek/internal/engine/resume.go:141.33,143.3 1 1
github.com/gosleek/gosleek/internal/engine/resume.go:146.2,147.28 2 1
github.com/gosleek/gosleek/internal/engine/resume.go:147.28,149.35 2 1
github.com/gosleek/gosleek/internal/engine/resume.go:149.35,150.26 1 1
github.com/gosleek/gosleek/internal/engine/resume.go:150.26,152.10 2 1
github.com/gosleek/gosleek/internal/engine/resume.go:155.3,155.15 1 1
github.com/gosleek/gosleek/internal/engine/resume.go:155.15,157.4 1 1
github.com/gosleek/gosleek/internal/engine/resume.go:161.2,162.53 2 1
github.com/gosleek/gosleek/internal/engine/resume.go:162.53,165.36 2 1
github.com/gosleek/gosleek/internal/engine/resume.go:165.36,166.36 1 1
github.com/gosleek/gosleek/internal/engine/resume.go:166.36,168.5 1 1
github.com/gosleek/gosleek/internal/engine/resume.go:171.3,171.35 1 1
github.com/gosleek/gosleek/internal/engine/resume.go:171.35,173.37 2 1
github.com/gosleek/gosleek/internal/engine/resume.go:173.37,174.34 1 1
github.com/gosleek/gosleek/internal/engine/resume.go:174.34,176.11 2 1
github.com/gosleek/gosleek/internal/engine/resume.go:179.4,179.18 1 1
github.com/gosleek/gosleek/internal/engine/resume.go:179.18,181.5 1 1
github.com/gosleek/gosleek/internal/engine/resume.go:185.2,185.41 1 1
github.com/gosleek/gosleek/internal/engine/resume.go:189.41,194.2 3 1
github.com/gosleek/gosleek/internal/engine/resume.go:197.38,200.23 3 1
github.com/gosleek/gosleek/internal/engine/resume.go:200.23,202.3 1 0
github.com/gosleek/gosleek/internal/engine/resume.go:203.2,206.31 4 1
github.com/gosleek/gosleek/internal/engine/resume.go:210.77,211.29 1 1
github.com/gosleek/gosleek/internal/engine/resume.go:211.29,213.22 2 1
github.com/gosleek/gosleek/internal/engine/resume.go:213.22,216.4 2 1
github.com/gosleek/gosleek/internal/engine/resume.go:218.2,218.8 1 1
github.com/gosleek/gosleek/internal/engine/resume.go:222.57,224.13 2 1
github.com/gosleek/gosleek/internal/engine/resume.go:224.13,226.3 1 1
github.com/gosleek/gosleek/internal/engine/resume.go:227.2,227.33 1 1
